{
  "HTML": "This is the test sites report.\nname=Site Two, city=Somewhere, phone=888-555-1234\n"
}