{
  "HTML": "This is the test sites report, ordered by Site name.\nname=Awesome Sound, city=Central Coast, phone=888-555-1234name=Beautiful Bay, city=Beautiful Bay, phone=888-555-1234name=Lake Quiet, city=Middletown, phone=800-555-1212\n"
}