{
  "HTML": "This is the test sites report.\nname=Awesome Sound, city=Central Coast, phone=888-555-1234\n"
}