{
 "EntryCount": 5,
 "GroupCount": 0,
 "GroupSize": 0,
 "Summary": "C1 500m Bantam Women [M1.EV3]",
 "RaceCounts": [
  {
   "Count": 1,
   "Round": 1,
   "StageName": "Final"
  }
 ]
}