{
 "EntryCount": 6,
 "GroupCount": 0,
 "GroupSize": 0,
 "Summary": "C1 500m Bantam Men [M1.EV1]",
 "RaceCounts": []
}