This is the lanes-test report.
This is a stub for the Lanes report.
