<html>
<body>
Sample report.
Top: &lt;topdata&gt;
</body>
</html>
