
!table test
!columns "n","s","s2","b","f"
#no rows
