
!table test
!columns "n","s","s2"
1,"a","x"
2,"b","x"
3,"c",null
