{
  "ID": "S1",
  "Name": "Site One Updated",
  "Street": null,
  "Street2": null,
  "City": "Anytown",
  "State": "Anystate",
  "Zip": "12345",
  "Country": null,
  "Phone": null,
  "Fax": null
}