{
  "ID": "S10",
  "Name": "Site Ten",
  "Street": null,
  "Street2": null,
  "City": null,
  "State": null,
  "Zip": null,
  "Country": null,
  "Phone": null,
  "Fax": null
}